[2025-09-03 23:04:20] [INFO] === AVVIO SESSIONE BOT TELEGRAM ===
[2025-09-03 23:04:20] [INFO] Timestamp: 2025-09-03 23:04:20
[2025-09-03 23:04:20] [INFO] Token configurato: SI
[2025-09-03 23:04:20] [INFO] Webhook URL: https://www.unlimiteddb.net
[2025-09-03 23:04:20] [INFO] =====================================
[2025-09-03 23:04:20] [INFO] === WEBHOOK RICEVUTO ===
[2025-09-03 23:04:20] [INFO] Raw input ricevuto: {"update_id":870299208,
"message":{"message_id":29490,"from":{"id":5533337157,"is_bot":false,"first_name":"Riccardo","last_name":"Mandich","username":"RiccardoMandich","language_code":"it"},"chat":{"id":5533337157,"first_name":"Riccardo","last_name":"Mandich","username":"RiccardoMandich","type":"private"},"date":1756933460,"text":"/scan","entities":[{"offset":0,"length":5,"type":"bot_command"}]}}
[2025-09-03 23:04:20] [INFO] Input decodificato: {
    "update_id": 870299208,
    "message": {
        "message_id": 29490,
        "from": {
            "id": 5533337157,
            "is_bot": false,
            "first_name": "Riccardo",
            "last_name": "Mandich",
            "username": "RiccardoMandich",
            "language_code": "it"
        },
        "chat": {
            "id": 5533337157,
            "first_name": "Riccardo",
            "last_name": "Mandich",
            "username": "RiccardoMandich",
            "type": "private"
        },
        "date": 1756933460,
        "text": "\/scan",
        "entities": [
            {
                "offset": 0,
                "length": 5,
                "type": "bot_command"
            }
        ]
    }
}
[2025-09-03 23:04:20] [INFO] Update object creato con successo
[2025-09-03 23:04:20] [INFO] === GESTIONE UPDATE ===
[2025-09-03 23:04:20] [INFO] Messaggio ricevuto da: RiccardoMandich
[2025-09-03 23:04:20] [INFO] Chat ID: 5533337157
[2025-09-03 23:04:20] [INFO] Testo messaggio: /scan
[2025-09-03 23:04:20] [INFO] Comando rilevato!
[2025-09-03 23:04:20] [INFO] Comando /scan riconosciuto
[2025-09-03 23:04:20] [INFO] === ESECUZIONE COMANDO SCAN ===
[2025-09-03 23:04:20] [INFO] Username: RiccardoMandich
[2025-09-03 23:04:20] [INFO] Chat ID: 5533337157
[2025-09-03 23:04:20] [INFO] Invio messaggio di avvio scansione...
[2025-09-03 23:04:20] [INFO] Invio messaggio a chat 5533337157: 🔍 Avvio scansione in corso...
[2025-09-03 23:04:21] [INFO] Messaggio inviato con successo
[2025-09-03 23:04:21] [INFO] Messaggio di avvio inviato con successo
[2025-09-03 23:04:21] [INFO] Avvio triggerUpdate()...
[2025-09-03 23:04:21] [INFO] === TRIGGER UPDATE ===
[2025-09-03 23:04:21] [INFO] Creazione istanza CardsController...
[2025-09-03 23:04:21] [INFO] CardsController creato con successo
[2025-09-03 23:04:21] [INFO] Chiamata startImport()...
[2025-09-03 23:04:21] [INFO] startImport() completato con successo
[2025-09-03 23:04:21] [INFO] triggerUpdate() completato
[2025-09-03 23:04:21] [INFO] Invio messaggio di completamento...
[2025-09-03 23:04:21] [INFO] Invio messaggio a chat 5533337157: ✅ Scansione completata con successo!
[2025-09-03 23:04:21] [INFO] Messaggio inviato con successo
[2025-09-03 23:04:21] [INFO] Messaggio di completamento inviato con successo
[2025-09-03 23:04:21] [INFO] === COMANDO SCAN COMPLETATO CON SUCCESSO ===
[2025-09-03 23:04:21] [INFO] Webhook processato con successo